08:25:08 **** Build of configuration Release for project Becon65 ****
make all 
Building target: Becon65.elf
Invoking: Cross ARM GNU C Linker
arm-none-eabi-gcc -mcpu=cortex-m0 -mthumb -Os -fmessage-length=0 -fsigned-char -ffunction-sections -fdata-sections  -g -T "C:/Users/ProgC/Desktop/Bacon65/firmware/nuc123/src/Bacon65/Becon65/../../../Library/Device/Nuvoton/NUC123/Source/gcc/gcc_arm.ld" -Xlinker --gc-sections -Wl,-Map,"Becon65.map" --specs=nano.specs -o "Becon65.elf"  ./User/main.o  ./Library/Library/adc.o ./Library/Library/clk.o ./Library/Library/crc.o ./Library/Library/fmc.o ./Library/Library/gpio.o ./Library/Library/i2c.o ./Library/Library/pdma.o ./Library/Library/pwm.o ./Library/Library/retarget.o ./Library/Library/spi.o ./Library/Library/sys.o ./Library/Library/timer.o ./Library/Library/uart.o ./Library/Library/usbd.o ./Library/Library/wdt.o ./Library/Library/wwdt.o  ./CMSIS/CMSIS/gcc/_syscalls.o ./CMSIS/CMSIS/gcc/startup_NUC123.o  ./CMSIS/CMSIS/system_NUC123.o   
Finished building target: Becon65.elf
 
Invoking: Cross ARM GNU Create Flash Image
arm-none-eabi-objcopy -O binary "Becon65.elf"  "Becon65.bin"
Finished building: Becon65.bin
 
Invoking: Cross ARM GNU Print Size
arm-none-eabi-size --format=berkeley "Becon65.elf"
   text	   data	    bss	    dec	    hex	filename
   5648	    156	     44	   5848	   16d8	Becon65.elf
Finished building: Becon65.siz
 

08:25:09 Build Finished (took 1s.41ms)

