04:23:00 **** Incremental Build of configuration Release for project GCC ****
make all 
Building file: C:/Users/LTY/Desktop/Bacon65/firmware/nuc123/src/Bacon65/utils.c
Invoking: Cross ARM GNU C Compiler
arm-none-eabi-gcc -mcpu=cortex-m0 -mthumb -Os -fmessage-length=0 -fsigned-char -ffunction-sections -fdata-sections  -g -I"C:/Users/LTY/Desktop/Bacon65/firmware/nuc123/src/Bacon65/GCC/../../../Library/CMSIS/Include" -I"C:/Users/LTY/Desktop/Bacon65/firmware/nuc123/src/Bacon65/GCC/../../../Library/Device/Nuvoton/NUC123/Include" -I"C:/Users/LTY/Desktop/Bacon65/firmware/nuc123/src/Bacon65/GCC/../../../Library/StdDriver/inc" -std=gnu11 -MMD -MP -MF"User/utils.d" -MT"User/utils.o" -c -o "User/utils.o" "C:/Users/LTY/Desktop/Bacon65/firmware/nuc123/src/Bacon65/utils.c"
Finished building: C:/Users/LTY/Desktop/Bacon65/firmware/nuc123/src/Bacon65/utils.c
 
Building file: C:/Users/LTY/Desktop/Bacon65/firmware/nuc123/src/Bacon65/main.c
Invoking: Cross ARM GNU C Compiler
arm-none-eabi-gcc -mcpu=cortex-m0 -mthumb -Os -fmessage-length=0 -fsigned-char -ffunction-sections -fdata-sections  -g -I"C:/Users/LTY/Desktop/Bacon65/firmware/nuc123/src/Bacon65/GCC/../../../Library/CMSIS/Include" -I"C:/Users/LTY/Desktop/Bacon65/firmware/nuc123/src/Bacon65/GCC/../../../Library/Device/Nuvoton/NUC123/Include" -I"C:/Users/LTY/Desktop/Bacon65/firmware/nuc123/src/Bacon65/GCC/../../../Library/StdDriver/inc" -std=gnu11 -MMD -MP -MF"User/main.d" -MT"User/main.o" -c -o "User/main.o" "C:/Users/LTY/Desktop/Bacon65/firmware/nuc123/src/Bacon65/main.c"
Finished building: C:/Users/LTY/Desktop/Bacon65/firmware/nuc123/src/Bacon65/main.c
 
Building file: C:/Users/LTY/Desktop/Bacon65/firmware/nuc123/Library/StdDriver/src/clk.c
Invoking: Cross ARM GNU C Compiler
arm-none-eabi-gcc -mcpu=cortex-m0 -mthumb -Os -fmessage-length=0 -fsigned-char -ffunction-sections -fdata-sections  -g -I"C:/Users/LTY/Desktop/Bacon65/firmware/nuc123/src/Bacon65/GCC/../../../Library/CMSIS/Include" -I"C:/Users/LTY/Desktop/Bacon65/firmware/nuc123/src/Bacon65/GCC/../../../Library/Device/Nuvoton/NUC123/Include" -I"C:/Users/LTY/Desktop/Bacon65/firmware/nuc123/src/Bacon65/GCC/../../../Library/StdDriver/inc" -std=gnu11 -MMD -MP -MF"Library/Library/clk.d" -MT"Library/Library/clk.o" -c -o "Library/Library/clk.o" "C:/Users/LTY/Desktop/Bacon65/firmware/nuc123/Library/StdDriver/src/clk.c"
Finished building: C:/Users/LTY/Desktop/Bacon65/firmware/nuc123/Library/StdDriver/src/clk.c
 
Building file: C:/Users/LTY/Desktop/Bacon65/firmware/nuc123/Library/Device/Nuvoton/NUC123/Source/system_NUC123.c
Invoking: Cross ARM GNU C Compiler
arm-none-eabi-gcc -mcpu=cortex-m0 -mthumb -Os -fmessage-length=0 -fsigned-char -ffunction-sections -fdata-sections  -g -I"C:/Users/LTY/Desktop/Bacon65/firmware/nuc123/src/Bacon65/GCC/../../../Library/CMSIS/Include" -I"C:/Users/LTY/Desktop/Bacon65/firmware/nuc123/src/Bacon65/GCC/../../../Library/Device/Nuvoton/NUC123/Include" -I"C:/Users/LTY/Desktop/Bacon65/firmware/nuc123/src/Bacon65/GCC/../../../Library/StdDriver/inc" -std=gnu11 -MMD -MP -MF"CMSIS/CMSIS/system_NUC123.d" -MT"CMSIS/CMSIS/system_NUC123.o" -c -o "CMSIS/CMSIS/system_NUC123.o" "C:/Users/LTY/Desktop/Bacon65/firmware/nuc123/Library/Device/Nuvoton/NUC123/Source/system_NUC123.c"
Finished building: C:/Users/LTY/Desktop/Bacon65/firmware/nuc123/Library/Device/Nuvoton/NUC123/Source/system_NUC123.c
 
Building target: bacon65.elf
Invoking: Cross ARM GNU C Linker
arm-none-eabi-gcc -mcpu=cortex-m0 -mthumb -Os -fmessage-length=0 -fsigned-char -ffunction-sections -fdata-sections  -g -T "C:/Users/LTY/Desktop/Bacon65/firmware/nuc123/src/Bacon65/GCC/../../../Library/Device/Nuvoton/NUC123/Source/gcc/gcc_arm.ld" -Xlinker --gc-sections -Wl,-Map,"bacon65.map" --specs=nano.specs -o "bacon65.elf"  ./User/main.o ./User/utils.o  ./Library/Library/adc.o ./Library/Library/clk.o ./Library/Library/crc.o ./Library/Library/fmc.o ./Library/Library/gpio.o ./Library/Library/i2c.o ./Library/Library/pdma.o ./Library/Library/pwm.o ./Library/Library/retarget.o ./Library/Library/spi.o ./Library/Library/sys.o ./Library/Library/timer.o ./Library/Library/uart.o ./Library/Library/usbd.o ./Library/Library/wdt.o ./Library/Library/wwdt.o  ./CMSIS/CMSIS/gcc/_syscalls.o ./CMSIS/CMSIS/gcc/startup_NUC123.o  ./CMSIS/CMSIS/system_NUC123.o   
Finished building target: bacon65.elf
 
Invoking: Cross ARM GNU Create Flash Image
arm-none-eabi-objcopy -O binary "bacon65.elf"  "bacon65.bin"
Finished building: bacon65.bin
 
Invoking: Cross ARM GNU Print Size
arm-none-eabi-size --format=berkeley "bacon65.elf"
   text	   data	    bss	    dec	    hex	filename
   5628	    156	     44	   5828	   16c4	bacon65.elf
Finished building: bacon65.siz
 
