Component: ARM Compiler 5.06 update 7 (build 960) Tool: armlink [4d3601]

==============================================================================

Small function inlining results

Inlined total of 0 calls.

==============================================================================

Image Symbol Table

    Local Symbols

    Symbol Name                              Value     Ov Type        Size  Object(Section)

    RESET                                    0x00000000   Section      192  startup_nuc123.o(RESET)
    ../clib/microlib/division.c              0x00000000   Number         0  uldiv.o ABSOLUTE
    ../clib/microlib/division.c              0x00000000   Number         0  uidiv.o ABSOLUTE
    ../clib/microlib/init/entry.s            0x00000000   Number         0  entry12a.o ABSOLUTE
    ../clib/microlib/init/entry.s            0x00000000   Number         0  entry8b.o ABSOLUTE
    ../clib/microlib/init/entry.s            0x00000000   Number         0  entry8a.o ABSOLUTE
    ../clib/microlib/init/entry.s            0x00000000   Number         0  entry7b.o ABSOLUTE
    ../clib/microlib/init/entry.s            0x00000000   Number         0  entry7a.o ABSOLUTE
    ../clib/microlib/init/entry.s            0x00000000   Number         0  entry12b.o ABSOLUTE
    ../clib/microlib/init/entry.s            0x00000000   Number         0  entry.o ABSOLUTE
    ../clib/microlib/init/entry.s            0x00000000   Number         0  entry2.o ABSOLUTE
    ../clib/microlib/init/entry.s            0x00000000   Number         0  entry11b.o ABSOLUTE
    ../clib/microlib/init/entry.s            0x00000000   Number         0  entry5.o ABSOLUTE
    ../clib/microlib/init/entry.s            0x00000000   Number         0  entry11a.o ABSOLUTE
    ../clib/microlib/init/entry.s            0x00000000   Number         0  entry10b.o ABSOLUTE
    ../clib/microlib/init/entry.s            0x00000000   Number         0  entry10a.o ABSOLUTE
    ../clib/microlib/init/entry.s            0x00000000   Number         0  entry9b.o ABSOLUTE
    ../clib/microlib/init/entry.s            0x00000000   Number         0  entry9a.o ABSOLUTE
    ../clib/microlib/longlong.c              0x00000000   Number         0  llsshr.o ABSOLUTE
    ../clib/microlib/longlong.c              0x00000000   Number         0  llushr.o ABSOLUTE
    ../clib/microlib/longlong.c              0x00000000   Number         0  llshl.o ABSOLUTE
    ../clib/microlib/printf/printf.c         0x00000000   Number         0  printf5.o ABSOLUTE
    ../clib/microlib/printf/printf.c         0x00000000   Number         0  printfa.o ABSOLUTE
    ../clib/microlib/printf/printf.c         0x00000000   Number         0  printf7.o ABSOLUTE
    ../clib/microlib/printf/printf.c         0x00000000   Number         0  printf8.o ABSOLUTE
    ../clib/microlib/printf/printf.c         0x00000000   Number         0  printf6.o ABSOLUTE
    ../clib/microlib/printf/printf.c         0x00000000   Number         0  printfb.o ABSOLUTE
    ../clib/microlib/printf/printf.c         0x00000000   Number         0  printf0.o ABSOLUTE
    ../clib/microlib/printf/printf.c         0x00000000   Number         0  printf1.o ABSOLUTE
    ../clib/microlib/printf/printf.c         0x00000000   Number         0  printf2.o ABSOLUTE
    ../clib/microlib/printf/printf.c         0x00000000   Number         0  printf3.o ABSOLUTE
    ../clib/microlib/printf/printf.c         0x00000000   Number         0  printf4.o ABSOLUTE
    ../clib/microlib/printf/stubs.s          0x00000000   Number         0  stubs.o ABSOLUTE
    ../clib/microlib/stubs.s                 0x00000000   Number         0  iusefp.o ABSOLUTE
    ../fplib/microlib/fpadd.c                0x00000000   Number         0  dadd.o ABSOLUTE
    ../fplib/microlib/fpdiv.c                0x00000000   Number         0  ddiv.o ABSOLUTE
    ../fplib/microlib/fpepilogue.c           0x00000000   Number         0  depilogue.o ABSOLUTE
    ../fplib/microlib/fpfix.c                0x00000000   Number         0  dfixul.o ABSOLUTE
    ../fplib/microlib/fpmul.c                0x00000000   Number         0  dmul.o ABSOLUTE
    ..\..\..\Library\Device\Nuvoton\NUC123\Source\ARM\startup_NUC123.s 0x00000000   Number         0  startup_nuc123.o ABSOLUTE
    ..\..\..\Library\Device\Nuvoton\NUC123\Source\system_NUC123.c 0x00000000   Number         0  system_nuc123.o ABSOLUTE
    ..\..\..\Library\StdDriver\src\clk.c     0x00000000   Number         0  clk.o ABSOLUTE
    ..\..\..\Library\StdDriver\src\retarget.c 0x00000000   Number         0  retarget.o ABSOLUTE
    ..\..\..\Library\StdDriver\src\sys.c     0x00000000   Number         0  sys.o ABSOLUTE
    ..\..\..\Library\StdDriver\src\uart.c    0x00000000   Number         0  uart.o ABSOLUTE
    ..\\..\\..\\Library\\Device\\Nuvoton\\NUC123\\Source\\system_NUC123.c 0x00000000   Number         0  system_nuc123.o ABSOLUTE
    ..\\..\\..\\Library\\StdDriver\\src\\clk.c 0x00000000   Number         0  clk.o ABSOLUTE
    ..\\..\\..\\Library\\StdDriver\\src\\retarget.c 0x00000000   Number         0  retarget.o ABSOLUTE
    ..\\..\\..\\Library\\StdDriver\\src\\sys.c 0x00000000   Number         0  sys.o ABSOLUTE
    ..\\..\\..\\Library\\StdDriver\\src\\uart.c 0x00000000   Number         0  uart.o ABSOLUTE
    ..\\main.c                               0x00000000   Number         0  main.o ABSOLUTE
    ..\main.c                                0x00000000   Number         0  main.o ABSOLUTE
    cdrcmple.s                               0x00000000   Number         0  cdrcmple.o ABSOLUTE
    handlers.s                               0x00000000   Number         0  handlers.o ABSOLUTE
    init.s                                   0x00000000   Number         0  init.o ABSOLUTE
    .ARM.Collect$$$$00000000                 0x000000c0   Section        0  entry.o(.ARM.Collect$$$$00000000)
    .ARM.Collect$$$$00000001                 0x000000c0   Section        4  entry2.o(.ARM.Collect$$$$00000001)
    .ARM.Collect$$$$00000004                 0x000000c4   Section        4  entry5.o(.ARM.Collect$$$$00000004)
    .ARM.Collect$$$$00000008                 0x000000c8   Section        0  entry7b.o(.ARM.Collect$$$$00000008)
    .ARM.Collect$$$$0000000A                 0x000000c8   Section        0  entry8b.o(.ARM.Collect$$$$0000000A)
    .ARM.Collect$$$$0000000B                 0x000000c8   Section        8  entry9a.o(.ARM.Collect$$$$0000000B)
    .ARM.Collect$$$$0000000E                 0x000000d0   Section        4  entry12b.o(.ARM.Collect$$$$0000000E)
    .ARM.Collect$$$$0000000F                 0x000000d4   Section        0  entry10a.o(.ARM.Collect$$$$0000000F)
    .ARM.Collect$$$$00000011                 0x000000d4   Section        0  entry11a.o(.ARM.Collect$$$$00000011)
    .ARM.Collect$$$$00002712                 0x000000d4   Section        4  entry2.o(.ARM.Collect$$$$00002712)
    __lit__00000000                          0x000000d4   Data           4  entry2.o(.ARM.Collect$$$$00002712)
    .emb_text                                0x000000d8   Section       28  retarget.o(.emb_text)
    .text                                    0x000000f4   Section       76  startup_nuc123.o(.text)
    Default_Handler                          0x0000011f   Thumb Code     2  startup_nuc123.o(.text)
    .text                                    0x00000140   Section        0  uidiv.o(.text)
    .text                                    0x0000016c   Section        0  uldiv.o(.text)
    .text                                    0x000001cc   Section       36  init.o(.text)
    .text                                    0x000001f0   Section        0  llshl.o(.text)
    .text                                    0x00000210   Section        0  llushr.o(.text)
    i.Hard_Fault_Handler                     0x00000234   Section        0  retarget.o(i.Hard_Fault_Handler)
    __tagsym$$used                           0x00000235   Number         0  retarget.o(i.Hard_Fault_Handler)
    i.SYS_Init                               0x0000025c   Section        0  main.o(i.SYS_Init)
    i.SendChar_ToUART                        0x00000270   Section        0  retarget.o(i.SendChar_ToUART)
    i.SystemCoreClockUpdate                  0x00000290   Section        0  system_nuc123.o(i.SystemCoreClockUpdate)
    i.SystemInit                             0x00000328   Section        0  system_nuc123.o(i.SystemInit)
    i.__0printf$5                            0x0000032c   Section        0  printf5.o(i.__0printf$5)
    i.__scatterload_copy                     0x0000034c   Section       14  handlers.o(i.__scatterload_copy)
    i.__scatterload_null                     0x0000035a   Section        2  handlers.o(i.__scatterload_null)
    i.__scatterload_zeroinit                 0x0000035c   Section       14  handlers.o(i.__scatterload_zeroinit)
    i._printf_core                           0x0000036c   Section        0  printf5.o(i._printf_core)
    _printf_core                             0x0000036d   Thumb Code   680  printf5.o(i._printf_core)
    i.fputc                                  0x00000640   Section        0  retarget.o(i.fputc)
    i.main                                   0x0000064c   Section        0  main.o(i.main)
    i.stackDump                              0x00000674   Section        0  retarget.o(i.stackDump)
    stackDump                                0x00000675   Thumb Code    70  retarget.o(i.stackDump)
    .data                                    0x20000000   Section       44  system_nuc123.o(.data)
    .data                                    0x2000002c   Section        4  retarget.o(.data)
    STACK                                    0x20000030   Section     1024  startup_nuc123.o(STACK)

    Global Symbols

    Symbol Name                              Value     Ov Type        Size  Object(Section)

    BuildAttributes$$THM_ISAv3M$S$PE$A:L22$X:L11$S22$IEEE1$IW$USESV6$~STKCKD$USESV7$~SHL$OSPACE$ROPI$EBA8$MICROLIB$REQ8$PRES8$EABIv2 0x00000000   Number         0  anon$$obj.o ABSOLUTE
    __ARM_use_no_argv                        0x00000000   Number         0  main.o ABSOLUTE
    __Vectors                                0x00000000   Data           4  startup_nuc123.o(RESET)
    _printf_a                                0x00000000   Number         0  stubs.o ABSOLUTE
    _printf_c                                0x00000000   Number         0  stubs.o ABSOLUTE
    _printf_charcount                        0x00000000   Number         0  stubs.o ABSOLUTE
    _printf_d                                0x00000000   Number         0  stubs.o ABSOLUTE
    _printf_e                                0x00000000   Number         0  stubs.o ABSOLUTE
    _printf_f                                0x00000000   Number         0  stubs.o ABSOLUTE
    _printf_flags                            0x00000000   Number         0  stubs.o ABSOLUTE
    _printf_fp_dec                           0x00000000   Number         0  stubs.o ABSOLUTE
    _printf_fp_hex                           0x00000000   Number         0  stubs.o ABSOLUTE
    _printf_g                                0x00000000   Number         0  stubs.o ABSOLUTE
    _printf_i                                0x00000000   Number         0  stubs.o ABSOLUTE
    _printf_int_dec                          0x00000000   Number         0  stubs.o ABSOLUTE
    _printf_l                                0x00000000   Number         0  stubs.o ABSOLUTE
    _printf_lc                               0x00000000   Number         0  stubs.o ABSOLUTE
    _printf_ll                               0x00000000   Number         0  stubs.o ABSOLUTE
    _printf_lld                              0x00000000   Number         0  stubs.o ABSOLUTE
    _printf_lli                              0x00000000   Number         0  stubs.o ABSOLUTE
    _printf_llo                              0x00000000   Number         0  stubs.o ABSOLUTE
    _printf_llu                              0x00000000   Number         0  stubs.o ABSOLUTE
    _printf_llx                              0x00000000   Number         0  stubs.o ABSOLUTE
    _printf_longlong_dec                     0x00000000   Number         0  stubs.o ABSOLUTE
    _printf_longlong_hex                     0x00000000   Number         0  stubs.o ABSOLUTE
    _printf_longlong_oct                     0x00000000   Number         0  stubs.o ABSOLUTE
    _printf_ls                               0x00000000   Number         0  stubs.o ABSOLUTE
    _printf_mbtowc                           0x00000000   Number         0  stubs.o ABSOLUTE
    _printf_n                                0x00000000   Number         0  stubs.o ABSOLUTE
    _printf_o                                0x00000000   Number         0  stubs.o ABSOLUTE
    _printf_p                                0x00000000   Number         0  stubs.o ABSOLUTE
    _printf_percent                          0x00000000   Number         0  stubs.o ABSOLUTE
    _printf_pre_padding                      0x00000000   Number         0  stubs.o ABSOLUTE
    _printf_return_value                     0x00000000   Number         0  stubs.o ABSOLUTE
    _printf_s                                0x00000000   Number         0  stubs.o ABSOLUTE
    _printf_sizespec                         0x00000000   Number         0  stubs.o ABSOLUTE
    _printf_str                              0x00000000   Number         0  stubs.o ABSOLUTE
    _printf_truncate_signed                  0x00000000   Number         0  stubs.o ABSOLUTE
    _printf_truncate_unsigned                0x00000000   Number         0  stubs.o ABSOLUTE
    _printf_u                                0x00000000   Number         0  stubs.o ABSOLUTE
    _printf_wc                               0x00000000   Number         0  stubs.o ABSOLUTE
    _printf_wctomb                           0x00000000   Number         0  stubs.o ABSOLUTE
    _printf_widthprec                        0x00000000   Number         0  stubs.o ABSOLUTE
    _printf_x                                0x00000000   Number         0  stubs.o ABSOLUTE
    __arm_fini_                               - Undefined Weak Reference
    __cpp_initialize__aeabi_                  - Undefined Weak Reference
    __cxa_finalize                            - Undefined Weak Reference
    __decompress                              - Undefined Weak Reference
    _clock_init                               - Undefined Weak Reference
    _microlib_exit                            - Undefined Weak Reference
    __main                                   0x000000c1   Thumb Code     0  entry.o(.ARM.Collect$$$$00000000)
    _main_stk                                0x000000c1   Thumb Code     0  entry2.o(.ARM.Collect$$$$00000001)
    _main_scatterload                        0x000000c5   Thumb Code     0  entry5.o(.ARM.Collect$$$$00000004)
    __main_after_scatterload                 0x000000c9   Thumb Code     0  entry5.o(.ARM.Collect$$$$00000004)
    _main_clock                              0x000000c9   Thumb Code     0  entry7b.o(.ARM.Collect$$$$00000008)
    _main_cpp_init                           0x000000c9   Thumb Code     0  entry8b.o(.ARM.Collect$$$$0000000A)
    _main_init                               0x000000c9   Thumb Code     0  entry9a.o(.ARM.Collect$$$$0000000B)
    __rt_lib_shutdown_fini                   0x000000d1   Thumb Code     0  entry12b.o(.ARM.Collect$$$$0000000E)
    __rt_final_cpp                           0x000000d5   Thumb Code     0  entry10a.o(.ARM.Collect$$$$0000000F)
    __rt_final_exit                          0x000000d5   Thumb Code     0  entry11a.o(.ARM.Collect$$$$00000011)
    HardFault_Handler                        0x000000d9   Thumb Code    24  retarget.o(.emb_text)
    Reset_Handler                            0x000000f5   Thumb Code    32  startup_nuc123.o(.text)
    NMI_Handler                              0x00000115   Thumb Code     2  startup_nuc123.o(.text)
    SVC_Handler                              0x00000119   Thumb Code     2  startup_nuc123.o(.text)
    PendSV_Handler                           0x0000011b   Thumb Code     2  startup_nuc123.o(.text)
    SysTick_Handler                          0x0000011d   Thumb Code     2  startup_nuc123.o(.text)
    ACMP_IRQHandler                          0x0000011f   Thumb Code     0  startup_nuc123.o(.text)
    ADC_IRQHandler                           0x0000011f   Thumb Code     0  startup_nuc123.o(.text)
    BOD_IRQHandler                           0x0000011f   Thumb Code     0  startup_nuc123.o(.text)
    CAN0_IRQHandler                          0x0000011f   Thumb Code     0  startup_nuc123.o(.text)
    CAN1_IRQHandler                          0x0000011f   Thumb Code     0  startup_nuc123.o(.text)
    EINT0_IRQHandler                         0x0000011f   Thumb Code     0  startup_nuc123.o(.text)
    EINT1_IRQHandler                         0x0000011f   Thumb Code     0  startup_nuc123.o(.text)
    GPAB_IRQHandler                          0x0000011f   Thumb Code     0  startup_nuc123.o(.text)
    GPCDF_IRQHandler                         0x0000011f   Thumb Code     0  startup_nuc123.o(.text)
    I2C0_IRQHandler                          0x0000011f   Thumb Code     0  startup_nuc123.o(.text)
    I2C1_IRQHandler                          0x0000011f   Thumb Code     0  startup_nuc123.o(.text)
    I2S_IRQHandler                           0x0000011f   Thumb Code     0  startup_nuc123.o(.text)
    PDMA_IRQHandler                          0x0000011f   Thumb Code     0  startup_nuc123.o(.text)
    PS2_IRQHandler                           0x0000011f   Thumb Code     0  startup_nuc123.o(.text)
    PWMA_IRQHandler                          0x0000011f   Thumb Code     0  startup_nuc123.o(.text)
    PWRWU_IRQHandler                         0x0000011f   Thumb Code     0  startup_nuc123.o(.text)
    RTC_IRQHandler                           0x0000011f   Thumb Code     0  startup_nuc123.o(.text)
    SC012_IRQHandler                         0x0000011f   Thumb Code     0  startup_nuc123.o(.text)
    SPI0_IRQHandler                          0x0000011f   Thumb Code     0  startup_nuc123.o(.text)
    SPI1_IRQHandler                          0x0000011f   Thumb Code     0  startup_nuc123.o(.text)
    SPI2_IRQHandler                          0x0000011f   Thumb Code     0  startup_nuc123.o(.text)
    SPI3_IRQHandler                          0x0000011f   Thumb Code     0  startup_nuc123.o(.text)
    TMR0_IRQHandler                          0x0000011f   Thumb Code     0  startup_nuc123.o(.text)
    TMR1_IRQHandler                          0x0000011f   Thumb Code     0  startup_nuc123.o(.text)
    TMR2_IRQHandler                          0x0000011f   Thumb Code     0  startup_nuc123.o(.text)
    TMR3_IRQHandler                          0x0000011f   Thumb Code     0  startup_nuc123.o(.text)
    UART0_IRQHandler                         0x0000011f   Thumb Code     0  startup_nuc123.o(.text)
    UART1_IRQHandler                         0x0000011f   Thumb Code     0  startup_nuc123.o(.text)
    USBD_IRQHandler                          0x0000011f   Thumb Code     0  startup_nuc123.o(.text)
    WDT_IRQHandler                           0x0000011f   Thumb Code     0  startup_nuc123.o(.text)
    __aeabi_uidiv                            0x00000141   Thumb Code     0  uidiv.o(.text)
    __aeabi_uidivmod                         0x00000141   Thumb Code    44  uidiv.o(.text)
    __aeabi_uldivmod                         0x0000016d   Thumb Code    96  uldiv.o(.text)
    __scatterload                            0x000001cd   Thumb Code    28  init.o(.text)
    __scatterload_rt2                        0x000001cd   Thumb Code     0  init.o(.text)
    __aeabi_llsl                             0x000001f1   Thumb Code    32  llshl.o(.text)
    _ll_shift_l                              0x000001f1   Thumb Code     0  llshl.o(.text)
    __aeabi_llsr                             0x00000211   Thumb Code    34  llushr.o(.text)
    _ll_ushift_r                             0x00000211   Thumb Code     0  llushr.o(.text)
    Hard_Fault_Handler                       0x00000235   Thumb Code    16  retarget.o(i.Hard_Fault_Handler)
    SYS_Init                                 0x0000025d   Thumb Code    16  main.o(i.SYS_Init)
    SendChar_ToUART                          0x00000271   Thumb Code    26  retarget.o(i.SendChar_ToUART)
    SystemCoreClockUpdate                    0x00000291   Thumb Code   126  system_nuc123.o(i.SystemCoreClockUpdate)
    SystemInit                               0x00000329   Thumb Code     2  system_nuc123.o(i.SystemInit)
    __0printf$5                              0x0000032d   Thumb Code    24  printf5.o(i.__0printf$5)
    __1printf$5                              0x0000032d   Thumb Code     0  printf5.o(i.__0printf$5)
    __2printf                                0x0000032d   Thumb Code     0  printf5.o(i.__0printf$5)
    __scatterload_copy                       0x0000034d   Thumb Code    14  handlers.o(i.__scatterload_copy)
    __scatterload_null                       0x0000035b   Thumb Code     2  handlers.o(i.__scatterload_null)
    __scatterload_zeroinit                   0x0000035d   Thumb Code    14  handlers.o(i.__scatterload_zeroinit)
    fputc                                    0x00000641   Thumb Code    12  retarget.o(i.fputc)
    main                                     0x0000064d   Thumb Code    34  main.o(i.main)
    Region$$Table$$Base                      0x0000071c   Number         0  anon$$obj.o(Region$$Table)
    Region$$Table$$Limit                     0x0000073c   Number         0  anon$$obj.o(Region$$Table)
    SystemCoreClock                          0x20000000   Data           4  system_nuc123.o(.data)
    CyclesPerUs                              0x20000004   Data           4  system_nuc123.o(.data)
    PllClock                                 0x20000008   Data           4  system_nuc123.o(.data)
    gau32ClkSrcTbl                           0x2000000c   Data          32  system_nuc123.o(.data)
    __stdout                                 0x2000002c   Data           4  retarget.o(.data)
    __initial_sp                             0x20000430   Data           0  startup_nuc123.o(STACK)



==============================================================================

Memory Map of the image

  Image Entry point : 0x000000f5

  Load Region LR_1 (Base: 0x00000000, Size: 0x0000076c, Max: 0xffffffff, ABSOLUTE)

    Execution Region ER_RO (Exec base: 0x00000000, Load base: 0x00000000, Size: 0x0000073c, Max: 0xffffffff, ABSOLUTE)

    Exec Addr    Load Addr    Size         Type   Attr      Idx    E Section Name        Object

    0x00000000   0x00000000   0x000000c0   Data   RO            3    RESET               startup_nuc123.o
    0x000000c0   0x000000c0   0x00000000   Code   RO          574  * .ARM.Collect$$$$00000000  mc_p.l(entry.o)
    0x000000c0   0x000000c0   0x00000004   Code   RO          838    .ARM.Collect$$$$00000001  mc_p.l(entry2.o)
    0x000000c4   0x000000c4   0x00000004   Code   RO          841    .ARM.Collect$$$$00000004  mc_p.l(entry5.o)
    0x000000c8   0x000000c8   0x00000000   Code   RO          843    .ARM.Collect$$$$00000008  mc_p.l(entry7b.o)
    0x000000c8   0x000000c8   0x00000000   Code   RO          845    .ARM.Collect$$$$0000000A  mc_p.l(entry8b.o)
    0x000000c8   0x000000c8   0x00000008   Code   RO          846    .ARM.Collect$$$$0000000B  mc_p.l(entry9a.o)
    0x000000d0   0x000000d0   0x00000004   Code   RO          853    .ARM.Collect$$$$0000000E  mc_p.l(entry12b.o)
    0x000000d4   0x000000d4   0x00000000   Code   RO          848    .ARM.Collect$$$$0000000F  mc_p.l(entry10a.o)
    0x000000d4   0x000000d4   0x00000000   Code   RO          850    .ARM.Collect$$$$00000011  mc_p.l(entry11a.o)
    0x000000d4   0x000000d4   0x00000004   Code   RO          839    .ARM.Collect$$$$00002712  mc_p.l(entry2.o)
    0x000000d8   0x000000d8   0x0000001c   Code   RO          170    .emb_text           retarget.o
    0x000000f4   0x000000f4   0x0000004c   Code   RO            4  * .text               startup_nuc123.o
    0x00000140   0x00000140   0x0000002c   Code   RO          575    .text               mc_p.l(uidiv.o)
    0x0000016c   0x0000016c   0x00000060   Code   RO          854    .text               mc_p.l(uldiv.o)
    0x000001cc   0x000001cc   0x00000024   Code   RO          867    .text               mc_p.l(init.o)
    0x000001f0   0x000001f0   0x00000020   Code   RO          869    .text               mc_p.l(llshl.o)
    0x00000210   0x00000210   0x00000022   Code   RO          871    .text               mc_p.l(llushr.o)
    0x00000232   0x00000232   0x00000002   PAD
    0x00000234   0x00000234   0x00000028   Code   RO          172    i.Hard_Fault_Handler  retarget.o
    0x0000025c   0x0000025c   0x00000014   Code   RO          115    i.SYS_Init          main.o
    0x00000270   0x00000270   0x00000020   Code   RO          175    i.SendChar_ToUART   retarget.o
    0x00000290   0x00000290   0x00000098   Code   RO           12    i.SystemCoreClockUpdate  system_nuc123.o
    0x00000328   0x00000328   0x00000002   Code   RO           13    i.SystemInit        system_nuc123.o
    0x0000032a   0x0000032a   0x00000002   PAD
    0x0000032c   0x0000032c   0x00000020   Code   RO          710    i.__0printf$5       mc_p.l(printf5.o)
    0x0000034c   0x0000034c   0x0000000e   Code   RO          881    i.__scatterload_copy  mc_p.l(handlers.o)
    0x0000035a   0x0000035a   0x00000002   Code   RO          882    i.__scatterload_null  mc_p.l(handlers.o)
    0x0000035c   0x0000035c   0x0000000e   Code   RO          883    i.__scatterload_zeroinit  mc_p.l(handlers.o)
    0x0000036a   0x0000036a   0x00000002   PAD
    0x0000036c   0x0000036c   0x000002d4   Code   RO          717    i._printf_core      mc_p.l(printf5.o)
    0x00000640   0x00000640   0x0000000c   Code   RO          179    i.fputc             retarget.o
    0x0000064c   0x0000064c   0x00000028   Code   RO          116    i.main              main.o
    0x00000674   0x00000674   0x000000a8   Code   RO          181    i.stackDump         retarget.o
    0x0000071c   0x0000071c   0x00000020   Data   RO          879    Region$$Table       anon$$obj.o


    Execution Region ER_RW (Exec base: 0x20000000, Load base: 0x0000073c, Size: 0x00000030, Max: 0xffffffff, ABSOLUTE)

    Exec Addr    Load Addr    Size         Type   Attr      Idx    E Section Name        Object

    0x20000000   0x0000073c   0x0000002c   Data   RW           14    .data               system_nuc123.o
    0x2000002c   0x00000768   0x00000004   Data   RW          182    .data               retarget.o


    Execution Region ER_ZI (Exec base: 0x20000030, Load base: 0x0000076c, Size: 0x00000400, Max: 0xffffffff, ABSOLUTE)

    Exec Addr    Load Addr    Size         Type   Attr      Idx    E Section Name        Object

    0x20000030        -       0x00000400   Zero   RW            1    STACK               startup_nuc123.o


==============================================================================

Image component sizes


      Code (inc. data)   RO Data    RW Data    ZI Data      Debug   Object Name

        60         10          0          0          0      34266   main.o
       280        132          0          4          0       4642   retarget.o
        76         32        192          0       1024        736   startup_nuc123.o
       154         26          0         44          0      20079   system_nuc123.o

    ----------------------------------------------------------------------
       572        200        224         48       1024      59723   Object Totals
         0          0         32          0          0          0   (incl. Generated)
         2          0          0          0          0          0   (incl. Padding)

    ----------------------------------------------------------------------

      Code (inc. data)   RO Data    RW Data    ZI Data      Debug   Library Member Name

         0          0          0          0          0          0   entry.o
         0          0          0          0          0          0   entry10a.o
         0          0          0          0          0          0   entry11a.o
         4          0          0          0          0          0   entry12b.o
         8          4          0          0          0          0   entry2.o
         4          0          0          0          0          0   entry5.o
         0          0          0          0          0          0   entry7b.o
         0          0          0          0          0          0   entry8b.o
         8          4          0          0          0          0   entry9a.o
        30          0          0          0          0          0   handlers.o
        36          8          0          0          0         68   init.o
        32          0          0          0          0         68   llshl.o
        34          0          0          0          0         68   llushr.o
       756         52          0          0          0        168   printf5.o
        44          0          0          0          0         72   uidiv.o
        96          0          0          0          0         84   uldiv.o

    ----------------------------------------------------------------------
      1056         68          0          0          0        528   Library Totals
         4          0          0          0          0          0   (incl. Padding)

    ----------------------------------------------------------------------

      Code (inc. data)   RO Data    RW Data    ZI Data      Debug   Library Name

      1052         68          0          0          0        528   mc_p.l

    ----------------------------------------------------------------------
      1056         68          0          0          0        528   Library Totals

    ----------------------------------------------------------------------

==============================================================================


      Code (inc. data)   RO Data    RW Data    ZI Data      Debug   

      1628        268        224         48       1024      59911   Grand Totals
      1628        268        224         48       1024      59911   ELF Image Totals
      1628        268        224         48          0          0   ROM Totals

==============================================================================

    Total RO  Size (Code + RO Data)                 1852 (   1.81kB)
    Total RW  Size (RW Data + ZI Data)              1072 (   1.05kB)
    Total ROM Size (Code + RO Data + RW Data)       1900 (   1.86kB)

==============================================================================

